  Determining projects to restore...
  All projects are up-to-date for restore.
C:\Users\Ben\Desktop\Parcial1DPWAcontinuacion-master\Parcial1DPWA\Controllers\EnviosController.cs(187,49): warning CS8625: Cannot convert null literal to non-nullable reference type. [C:\Users\Ben\Desktop\Parcial1DPWAcontinuacion-master\Parcial1DPWA\Parcial1DPWA.csproj]
C:\Users\Ben\Desktop\Parcial1DPWAcontinuacion-master\Parcial1DPWA\Models\Paquete.cs(20,23): warning CS8618: Non-nullable property 'DescripcionContenido' must contain a non-null value when exiting constructor. Consider adding the 'required' modifier or declaring the property as nullable. [C:\Users\Ben\Desktop\Parcial1DPWAcontinuacion-master\Parcial1DPWA\Parcial1DPWA.csproj]
C:\Users\Ben\Desktop\Parcial1DPWAcontinuacion-master\Parcial1DPWA\Models\EstadosEnvio.cs(12,23): warning CS8618: Non-nullable property 'NombreEstado' must contain a non-null value when exiting constructor. Consider adding the 'required' modifier or declaring the property as nullable. [C:\Users\Ben\Desktop\Parcial1DPWAcontinuacion-master\Parcial1DPWA\Parcial1DPWA.csproj]
C:\Users\Ben\Desktop\Parcial1DPWAcontinuacion-master\Parcial1DPWA\Models\EstadosEnvio.cs(16,23): warning CS8618: Non-nullable property 'Descripcion' must contain a non-null value when exiting constructor. Consider adding the 'required' modifier or declaring the property as nullable. [C:\Users\Ben\Desktop\Parcial1DPWAcontinuacion-master\Parcial1DPWA\Parcial1DPWA.csproj]
C:\Users\Ben\Desktop\Parcial1DPWAcontinuacion-master\Parcial1DPWA\Models\EstadosEnvio.cs(18,42): warning CS8618: Non-nullable property 'EstadosEnvios' must contain a non-null value when exiting constructor. Consider adding the 'required' modifier or declaring the property as nullable. [C:\Users\Ben\Desktop\Parcial1DPWAcontinuacion-master\Parcial1DPWA\Parcial1DPWA.csproj]
C:\Users\Ben\Desktop\Parcial1DPWAcontinuacion-master\Parcial1DPWA\Models\Envio.cs(14,24): warning CS8618: Non-nullable property 'Cliente' must contain a non-null value when exiting constructor. Consider adding the 'required' modifier or declaring the property as nullable. [C:\Users\Ben\Desktop\Parcial1DPWAcontinuacion-master\Parcial1DPWA\Parcial1DPWA.csproj]
C:\Users\Ben\Desktop\Parcial1DPWAcontinuacion-master\Parcial1DPWA\Models\Envio.cs(19,29): warning CS8618: Non-nullable property 'Destinatario' must contain a non-null value when exiting constructor. Consider adding the 'required' modifier or declaring the property as nullable. [C:\Users\Ben\Desktop\Parcial1DPWAcontinuacion-master\Parcial1DPWA\Parcial1DPWA.csproj]
C:\Users\Ben\Desktop\Parcial1DPWAcontinuacion-master\Parcial1DPWA\Models\Envio.cs(25,24): warning CS8618: Non-nullable property 'Paquete' must contain a non-null value when exiting constructor. Consider adding the 'required' modifier or declaring the property as nullable. [C:\Users\Ben\Desktop\Parcial1DPWAcontinuacion-master\Parcial1DPWA\Parcial1DPWA.csproj]
C:\Users\Ben\Desktop\Parcial1DPWAcontinuacion-master\Parcial1DPWA\Models\Envio.cs(30,29): warning CS8618: Non-nullable property 'EstadosEnvio' must contain a non-null value when exiting constructor. Consider adding the 'required' modifier or declaring the property as nullable. [C:\Users\Ben\Desktop\Parcial1DPWAcontinuacion-master\Parcial1DPWA\Parcial1DPWA.csproj]
C:\Users\Ben\Desktop\Parcial1DPWAcontinuacion-master\Parcial1DPWA\Models\Envio.cs(39,23): warning CS8618: Non-nullable property 'DepartamentoDestino' must contain a non-null value when exiting constructor. Consider adding the 'required' modifier or declaring the property as nullable. [C:\Users\Ben\Desktop\Parcial1DPWAcontinuacion-master\Parcial1DPWA\Parcial1DPWA.csproj]
C:\Users\Ben\Desktop\Parcial1DPWAcontinuacion-master\Parcial1DPWA\Models\Destinatario.cs(12,23): warning CS8618: Non-nullable property 'Nombre' must contain a non-null value when exiting constructor. Consider adding the 'required' modifier or declaring the property as nullable. [C:\Users\Ben\Desktop\Parcial1DPWAcontinuacion-master\Parcial1DPWA\Parcial1DPWA.csproj]
C:\Users\Ben\Desktop\Parcial1DPWAcontinuacion-master\Parcial1DPWA\Models\Destinatario.cs(16,23): warning CS8618: Non-nullable property 'Telefono' must contain a non-null value when exiting constructor. Consider adding the 'required' modifier or declaring the property as nullable. [C:\Users\Ben\Desktop\Parcial1DPWAcontinuacion-master\Parcial1DPWA\Parcial1DPWA.csproj]
C:\Users\Ben\Desktop\Parcial1DPWAcontinuacion-master\Parcial1DPWA\Models\Destinatario.cs(20,23): warning CS8618: Non-nullable property 'Direccion' must contain a non-null value when exiting constructor. Consider adding the 'required' modifier or declaring the property as nullable. [C:\Users\Ben\Desktop\Parcial1DPWAcontinuacion-master\Parcial1DPWA\Parcial1DPWA.csproj]
C:\Users\Ben\Desktop\Parcial1DPWAcontinuacion-master\Parcial1DPWA\Models\Destinatario.cs(25,23): warning CS8618: Non-nullable property 'Ciudad' must contain a non-null value when exiting constructor. Consider adding the 'required' modifier or declaring the property as nullable. [C:\Users\Ben\Desktop\Parcial1DPWAcontinuacion-master\Parcial1DPWA\Parcial1DPWA.csproj]
C:\Users\Ben\Desktop\Parcial1DPWAcontinuacion-master\Parcial1DPWA\Models\Destinatario.cs(30,23): warning CS8618: Non-nullable property 'Pais' must contain a non-null value when exiting constructor. Consider adding the 'required' modifier or declaring the property as nullable. [C:\Users\Ben\Desktop\Parcial1DPWAcontinuacion-master\Parcial1DPWA\Parcial1DPWA.csproj]
C:\Users\Ben\Desktop\Parcial1DPWAcontinuacion-master\Parcial1DPWA\Models\Destinatario.cs(32,42): warning CS8618: Non-nullable property 'Destinatarios' must contain a non-null value when exiting constructor. Consider adding the 'required' modifier or declaring the property as nullable. [C:\Users\Ben\Desktop\Parcial1DPWAcontinuacion-master\Parcial1DPWA\Parcial1DPWA.csproj]
C:\Users\Ben\Desktop\Parcial1DPWAcontinuacion-master\Parcial1DPWA\Models\Cliente.cs(12,23): warning CS8618: Non-nullable property 'Nombre' must contain a non-null value when exiting constructor. Consider adding the 'required' modifier or declaring the property as nullable. [C:\Users\Ben\Desktop\Parcial1DPWAcontinuacion-master\Parcial1DPWA\Parcial1DPWA.csproj]
C:\Users\Ben\Desktop\Parcial1DPWAcontinuacion-master\Parcial1DPWA\Models\Cliente.cs(16,23): warning CS8618: Non-nullable property 'Telefono' must contain a non-null value when exiting constructor. Consider adding the 'required' modifier or declaring the property as nullable. [C:\Users\Ben\Desktop\Parcial1DPWAcontinuacion-master\Parcial1DPWA\Parcial1DPWA.csproj]
C:\Users\Ben\Desktop\Parcial1DPWAcontinuacion-master\Parcial1DPWA\Models\Cliente.cs(21,23): warning CS8618: Non-nullable property 'Email' must contain a non-null value when exiting constructor. Consider adding the 'required' modifier or declaring the property as nullable. [C:\Users\Ben\Desktop\Parcial1DPWAcontinuacion-master\Parcial1DPWA\Parcial1DPWA.csproj]
C:\Users\Ben\Desktop\Parcial1DPWAcontinuacion-master\Parcial1DPWA\Models\Cliente.cs(25,23): warning CS8618: Non-nullable property 'Direccion' must contain a non-null value when exiting constructor. Consider adding the 'required' modifier or declaring the property as nullable. [C:\Users\Ben\Desktop\Parcial1DPWAcontinuacion-master\Parcial1DPWA\Parcial1DPWA.csproj]
C:\Users\Ben\Desktop\Parcial1DPWAcontinuacion-master\Parcial1DPWA\Models\Cliente.cs(30,37): warning CS8618: Non-nullable property 'Clientes' must contain a non-null value when exiting constructor. Consider adding the 'required' modifier or declaring the property as nullable. [C:\Users\Ben\Desktop\Parcial1DPWAcontinuacion-master\Parcial1DPWA\Parcial1DPWA.csproj]
C:\Users\Ben\Desktop\Parcial1DPWAcontinuacion-master\Parcial1DPWA\Views\Paquetes\Index.cshtml(28,56): error CS1061: 'Paquete' does not contain a definition for 'Descripcion' and no accessible extension method 'Descripcion' accepting a first argument of type 'Paquete' could be found (are you missing a using directive or an assembly reference?) [C:\Users\Ben\Desktop\Parcial1DPWAcontinuacion-master\Parcial1DPWA\Parcial1DPWA.csproj]
C:\Users\Ben\Desktop\Parcial1DPWAcontinuacion-master\Parcial1DPWA\Controllers\EnviosController.cs(35,33): warning CS8602: Dereference of a possibly null reference. [C:\Users\Ben\Desktop\Parcial1DPWAcontinuacion-master\Parcial1DPWA\Parcial1DPWA.csproj]
C:\Users\Ben\Desktop\Parcial1DPWAcontinuacion-master\Parcial1DPWA\Controllers\EnviosController.cs(55,76): warning CS8602: Dereference of a possibly null reference. [C:\Users\Ben\Desktop\Parcial1DPWAcontinuacion-master\Parcial1DPWA\Parcial1DPWA.csproj]
C:\Users\Ben\Desktop\Parcial1DPWAcontinuacion-master\Parcial1DPWA\Controllers\EnviosController.cs(81,41): warning CS8602: Dereference of a possibly null reference. [C:\Users\Ben\Desktop\Parcial1DPWAcontinuacion-master\Parcial1DPWA\Parcial1DPWA.csproj]
C:\Users\Ben\Desktop\Parcial1DPWAcontinuacion-master\Parcial1DPWA\Views\Paquetes\Details.cshtml(18,45): error CS1061: 'Paquete' does not contain a definition for 'Descripcion' and no accessible extension method 'Descripcion' accepting a first argument of type 'Paquete' could be found (are you missing a using directive or an assembly reference?) [C:\Users\Ben\Desktop\Parcial1DPWAcontinuacion-master\Parcial1DPWA\Parcial1DPWA.csproj]
C:\Users\Ben\Desktop\Parcial1DPWAcontinuacion-master\Parcial1DPWA\Controllers\EnviosController.cs(129,52): warning CS8602: Dereference of a possibly null reference. [C:\Users\Ben\Desktop\Parcial1DPWAcontinuacion-master\Parcial1DPWA\Parcial1DPWA.csproj]
C:\Users\Ben\Desktop\Parcial1DPWAcontinuacion-master\Parcial1DPWA\Views\Paquetes\Delete.cshtml(18,39): warning CS8602: Dereference of a possibly null reference. [C:\Users\Ben\Desktop\Parcial1DPWAcontinuacion-master\Parcial1DPWA\Parcial1DPWA.csproj]
C:\Users\Ben\Desktop\Parcial1DPWAcontinuacion-master\Parcial1DPWA\Views\Paquetes\Create.cshtml(14,33): error CS1061: 'Paquete' does not contain a definition for 'Descripcion' and no accessible extension method 'Descripcion' accepting a first argument of type 'Paquete' could be found (are you missing a using directive or an assembly reference?) [C:\Users\Ben\Desktop\Parcial1DPWAcontinuacion-master\Parcial1DPWA\Parcial1DPWA.csproj]
C:\Users\Ben\Desktop\Parcial1DPWAcontinuacion-master\Parcial1DPWA\Views\Envios\Index.cshtml(35,63): error CS1061: 'Paquete' does not contain a definition for 'Descripcion' and no accessible extension method 'Descripcion' accepting a first argument of type 'Paquete' could be found (are you missing a using directive or an assembly reference?) [C:\Users\Ben\Desktop\Parcial1DPWAcontinuacion-master\Parcial1DPWA\Parcial1DPWA.csproj]

Build FAILED.

C:\Users\Ben\Desktop\Parcial1DPWAcontinuacion-master\Parcial1DPWA\Controllers\EnviosController.cs(187,49): warning CS8625: Cannot convert null literal to non-nullable reference type. [C:\Users\Ben\Desktop\Parcial1DPWAcontinuacion-master\Parcial1DPWA\Parcial1DPWA.csproj]
C:\Users\Ben\Desktop\Parcial1DPWAcontinuacion-master\Parcial1DPWA\Models\Paquete.cs(20,23): warning CS8618: Non-nullable property 'DescripcionContenido' must contain a non-null value when exiting constructor. Consider adding the 'required' modifier or declaring the property as nullable. [C:\Users\Ben\Desktop\Parcial1DPWAcontinuacion-master\Parcial1DPWA\Parcial1DPWA.csproj]
C:\Users\Ben\Desktop\Parcial1DPWAcontinuacion-master\Parcial1DPWA\Models\EstadosEnvio.cs(12,23): warning CS8618: Non-nullable property 'NombreEstado' must contain a non-null value when exiting constructor. Consider adding the 'required' modifier or declaring the property as nullable. [C:\Users\Ben\Desktop\Parcial1DPWAcontinuacion-master\Parcial1DPWA\Parcial1DPWA.csproj]
C:\Users\Ben\Desktop\Parcial1DPWAcontinuacion-master\Parcial1DPWA\Models\EstadosEnvio.cs(16,23): warning CS8618: Non-nullable property 'Descripcion' must contain a non-null value when exiting constructor. Consider adding the 'required' modifier or declaring the property as nullable. [C:\Users\Ben\Desktop\Parcial1DPWAcontinuacion-master\Parcial1DPWA\Parcial1DPWA.csproj]
C:\Users\Ben\Desktop\Parcial1DPWAcontinuacion-master\Parcial1DPWA\Models\EstadosEnvio.cs(18,42): warning CS8618: Non-nullable property 'EstadosEnvios' must contain a non-null value when exiting constructor. Consider adding the 'required' modifier or declaring the property as nullable. [C:\Users\Ben\Desktop\Parcial1DPWAcontinuacion-master\Parcial1DPWA\Parcial1DPWA.csproj]
C:\Users\Ben\Desktop\Parcial1DPWAcontinuacion-master\Parcial1DPWA\Models\Envio.cs(14,24): warning CS8618: Non-nullable property 'Cliente' must contain a non-null value when exiting constructor. Consider adding the 'required' modifier or declaring the property as nullable. [C:\Users\Ben\Desktop\Parcial1DPWAcontinuacion-master\Parcial1DPWA\Parcial1DPWA.csproj]
C:\Users\Ben\Desktop\Parcial1DPWAcontinuacion-master\Parcial1DPWA\Models\Envio.cs(19,29): warning CS8618: Non-nullable property 'Destinatario' must contain a non-null value when exiting constructor. Consider adding the 'required' modifier or declaring the property as nullable. [C:\Users\Ben\Desktop\Parcial1DPWAcontinuacion-master\Parcial1DPWA\Parcial1DPWA.csproj]
C:\Users\Ben\Desktop\Parcial1DPWAcontinuacion-master\Parcial1DPWA\Models\Envio.cs(25,24): warning CS8618: Non-nullable property 'Paquete' must contain a non-null value when exiting constructor. Consider adding the 'required' modifier or declaring the property as nullable. [C:\Users\Ben\Desktop\Parcial1DPWAcontinuacion-master\Parcial1DPWA\Parcial1DPWA.csproj]
C:\Users\Ben\Desktop\Parcial1DPWAcontinuacion-master\Parcial1DPWA\Models\Envio.cs(30,29): warning CS8618: Non-nullable property 'EstadosEnvio' must contain a non-null value when exiting constructor. Consider adding the 'required' modifier or declaring the property as nullable. [C:\Users\Ben\Desktop\Parcial1DPWAcontinuacion-master\Parcial1DPWA\Parcial1DPWA.csproj]
C:\Users\Ben\Desktop\Parcial1DPWAcontinuacion-master\Parcial1DPWA\Models\Envio.cs(39,23): warning CS8618: Non-nullable property 'DepartamentoDestino' must contain a non-null value when exiting constructor. Consider adding the 'required' modifier or declaring the property as nullable. [C:\Users\Ben\Desktop\Parcial1DPWAcontinuacion-master\Parcial1DPWA\Parcial1DPWA.csproj]
C:\Users\Ben\Desktop\Parcial1DPWAcontinuacion-master\Parcial1DPWA\Models\Destinatario.cs(12,23): warning CS8618: Non-nullable property 'Nombre' must contain a non-null value when exiting constructor. Consider adding the 'required' modifier or declaring the property as nullable. [C:\Users\Ben\Desktop\Parcial1DPWAcontinuacion-master\Parcial1DPWA\Parcial1DPWA.csproj]
C:\Users\Ben\Desktop\Parcial1DPWAcontinuacion-master\Parcial1DPWA\Models\Destinatario.cs(16,23): warning CS8618: Non-nullable property 'Telefono' must contain a non-null value when exiting constructor. Consider adding the 'required' modifier or declaring the property as nullable. [C:\Users\Ben\Desktop\Parcial1DPWAcontinuacion-master\Parcial1DPWA\Parcial1DPWA.csproj]
C:\Users\Ben\Desktop\Parcial1DPWAcontinuacion-master\Parcial1DPWA\Models\Destinatario.cs(20,23): warning CS8618: Non-nullable property 'Direccion' must contain a non-null value when exiting constructor. Consider adding the 'required' modifier or declaring the property as nullable. [C:\Users\Ben\Desktop\Parcial1DPWAcontinuacion-master\Parcial1DPWA\Parcial1DPWA.csproj]
C:\Users\Ben\Desktop\Parcial1DPWAcontinuacion-master\Parcial1DPWA\Models\Destinatario.cs(25,23): warning CS8618: Non-nullable property 'Ciudad' must contain a non-null value when exiting constructor. Consider adding the 'required' modifier or declaring the property as nullable. [C:\Users\Ben\Desktop\Parcial1DPWAcontinuacion-master\Parcial1DPWA\Parcial1DPWA.csproj]
C:\Users\Ben\Desktop\Parcial1DPWAcontinuacion-master\Parcial1DPWA\Models\Destinatario.cs(30,23): warning CS8618: Non-nullable property 'Pais' must contain a non-null value when exiting constructor. Consider adding the 'required' modifier or declaring the property as nullable. [C:\Users\Ben\Desktop\Parcial1DPWAcontinuacion-master\Parcial1DPWA\Parcial1DPWA.csproj]
C:\Users\Ben\Desktop\Parcial1DPWAcontinuacion-master\Parcial1DPWA\Models\Destinatario.cs(32,42): warning CS8618: Non-nullable property 'Destinatarios' must contain a non-null value when exiting constructor. Consider adding the 'required' modifier or declaring the property as nullable. [C:\Users\Ben\Desktop\Parcial1DPWAcontinuacion-master\Parcial1DPWA\Parcial1DPWA.csproj]
C:\Users\Ben\Desktop\Parcial1DPWAcontinuacion-master\Parcial1DPWA\Models\Cliente.cs(12,23): warning CS8618: Non-nullable property 'Nombre' must contain a non-null value when exiting constructor. Consider adding the 'required' modifier or declaring the property as nullable. [C:\Users\Ben\Desktop\Parcial1DPWAcontinuacion-master\Parcial1DPWA\Parcial1DPWA.csproj]
C:\Users\Ben\Desktop\Parcial1DPWAcontinuacion-master\Parcial1DPWA\Models\Cliente.cs(16,23): warning CS8618: Non-nullable property 'Telefono' must contain a non-null value when exiting constructor. Consider adding the 'required' modifier or declaring the property as nullable. [C:\Users\Ben\Desktop\Parcial1DPWAcontinuacion-master\Parcial1DPWA\Parcial1DPWA.csproj]
C:\Users\Ben\Desktop\Parcial1DPWAcontinuacion-master\Parcial1DPWA\Models\Cliente.cs(21,23): warning CS8618: Non-nullable property 'Email' must contain a non-null value when exiting constructor. Consider adding the 'required' modifier or declaring the property as nullable. [C:\Users\Ben\Desktop\Parcial1DPWAcontinuacion-master\Parcial1DPWA\Parcial1DPWA.csproj]
C:\Users\Ben\Desktop\Parcial1DPWAcontinuacion-master\Parcial1DPWA\Models\Cliente.cs(25,23): warning CS8618: Non-nullable property 'Direccion' must contain a non-null value when exiting constructor. Consider adding the 'required' modifier or declaring the property as nullable. [C:\Users\Ben\Desktop\Parcial1DPWAcontinuacion-master\Parcial1DPWA\Parcial1DPWA.csproj]
C:\Users\Ben\Desktop\Parcial1DPWAcontinuacion-master\Parcial1DPWA\Models\Cliente.cs(30,37): warning CS8618: Non-nullable property 'Clientes' must contain a non-null value when exiting constructor. Consider adding the 'required' modifier or declaring the property as nullable. [C:\Users\Ben\Desktop\Parcial1DPWAcontinuacion-master\Parcial1DPWA\Parcial1DPWA.csproj]
C:\Users\Ben\Desktop\Parcial1DPWAcontinuacion-master\Parcial1DPWA\Controllers\EnviosController.cs(35,33): warning CS8602: Dereference of a possibly null reference. [C:\Users\Ben\Desktop\Parcial1DPWAcontinuacion-master\Parcial1DPWA\Parcial1DPWA.csproj]
C:\Users\Ben\Desktop\Parcial1DPWAcontinuacion-master\Parcial1DPWA\Controllers\EnviosController.cs(55,76): warning CS8602: Dereference of a possibly null reference. [C:\Users\Ben\Desktop\Parcial1DPWAcontinuacion-master\Parcial1DPWA\Parcial1DPWA.csproj]
C:\Users\Ben\Desktop\Parcial1DPWAcontinuacion-master\Parcial1DPWA\Controllers\EnviosController.cs(81,41): warning CS8602: Dereference of a possibly null reference. [C:\Users\Ben\Desktop\Parcial1DPWAcontinuacion-master\Parcial1DPWA\Parcial1DPWA.csproj]
C:\Users\Ben\Desktop\Parcial1DPWAcontinuacion-master\Parcial1DPWA\Controllers\EnviosController.cs(129,52): warning CS8602: Dereference of a possibly null reference. [C:\Users\Ben\Desktop\Parcial1DPWAcontinuacion-master\Parcial1DPWA\Parcial1DPWA.csproj]
C:\Users\Ben\Desktop\Parcial1DPWAcontinuacion-master\Parcial1DPWA\Views\Paquetes\Delete.cshtml(18,39): warning CS8602: Dereference of a possibly null reference. [C:\Users\Ben\Desktop\Parcial1DPWAcontinuacion-master\Parcial1DPWA\Parcial1DPWA.csproj]
C:\Users\Ben\Desktop\Parcial1DPWAcontinuacion-master\Parcial1DPWA\Views\Paquetes\Index.cshtml(28,56): error CS1061: 'Paquete' does not contain a definition for 'Descripcion' and no accessible extension method 'Descripcion' accepting a first argument of type 'Paquete' could be found (are you missing a using directive or an assembly reference?) [C:\Users\Ben\Desktop\Parcial1DPWAcontinuacion-master\Parcial1DPWA\Parcial1DPWA.csproj]
C:\Users\Ben\Desktop\Parcial1DPWAcontinuacion-master\Parcial1DPWA\Views\Paquetes\Details.cshtml(18,45): error CS1061: 'Paquete' does not contain a definition for 'Descripcion' and no accessible extension method 'Descripcion' accepting a first argument of type 'Paquete' could be found (are you missing a using directive or an assembly reference?) [C:\Users\Ben\Desktop\Parcial1DPWAcontinuacion-master\Parcial1DPWA\Parcial1DPWA.csproj]
C:\Users\Ben\Desktop\Parcial1DPWAcontinuacion-master\Parcial1DPWA\Views\Paquetes\Create.cshtml(14,33): error CS1061: 'Paquete' does not contain a definition for 'Descripcion' and no accessible extension method 'Descripcion' accepting a first argument of type 'Paquete' could be found (are you missing a using directive or an assembly reference?) [C:\Users\Ben\Desktop\Parcial1DPWAcontinuacion-master\Parcial1DPWA\Parcial1DPWA.csproj]
C:\Users\Ben\Desktop\Parcial1DPWAcontinuacion-master\Parcial1DPWA\Views\Envios\Index.cshtml(35,63): error CS1061: 'Paquete' does not contain a definition for 'Descripcion' and no accessible extension method 'Descripcion' accepting a first argument of type 'Paquete' could be found (are you missing a using directive or an assembly reference?) [C:\Users\Ben\Desktop\Parcial1DPWAcontinuacion-master\Parcial1DPWA\Parcial1DPWA.csproj]
    26 Warning(s)
    4 Error(s)

Time Elapsed 00:00:03.10

Workload updates are available. Run `dotnet workload list` for more information.
